// Vitest Snapshot v1, https://vitest.dev/guide/snapshot.html

exports[`TutorialModal Component > matches snapshot 1`] = `
<div>
  <button
    aria-label="Help"
    class="MuiButtonBase-root MuiIconButton-root MuiIconButton-sizeMedium css-22jpiv-MuiButtonBase-root-MuiIconButton-root"
    tabindex="0"
    type="button"
  >
    <svg
      fill="none"
      height="35"
      stroke="currentColor"
      stroke-linecap="round"
      stroke-linejoin="round"
      stroke-width="2"
      viewBox="0 0 24 24"
      width="35"
      xmlns="http://www.w3.org/2000/svg"
    >
      <circle
        cx="12"
        cy="12"
        r="10"
      />
      <path
        d="M9.09 9a3 3 0 0 1 5.83 1c0 2-3 3-3 3"
      />
      <line
        x1="12"
        x2="12.01"
        y1="17"
        y2="17"
      />
    </svg>
  </button>
</div>
`;
