// Vitest Snapshot v1, https://vitest.dev/guide/snapshot.html

exports[`SortDropdown Component > renders correctly and matches snapshot 1`] = `
<div>
  <div
    class="relative flex items-center"
  >
    <label
      class="mr-4 whitespace-nowrap sub-header"
    >
      Sort By:
    </label>
    <div
      class="relative"
    >
      <button
        class="px-1 rounded-lg border-2 bg-customRed sub-header text-nowrap hover:bg-transparent border-customRed hover:text-customRed transition-colors duration-200 flex items-center justify-between min-w-48 lg:min-w-60 "
      >
        A-Z
        <svg
          class="ml-3"
          fill="currentColor"
          height="1em"
          stroke="currentColor"
          stroke-width="0"
          viewBox="0 0 448 512"
          width="1em"
          xmlns="http://www.w3.org/2000/svg"
        >
          <path
            d="M207.029 381.476L12.686 187.132c-9.373-9.373-9.373-24.569 0-33.941l22.667-22.667c9.357-9.357 24.522-9.375 33.901-.04L224 284.505l154.745-154.021c9.379-9.335 24.544-9.317 33.901.04l22.667 22.667c9.373 9.373 9.373 24.569 0 33.941L240.971 381.476c-9.373 9.372-24.569 9.372-33.942 0z"
          />
        </svg>
      </button>
    </div>
  </div>
</div>
`;
