// Vitest Snapshot v1, https://vitest.dev/guide/snapshot.html

exports[`Searchbar component > matches snapshot 1`] = `
<div>
  <div
    class="relative flex flex-col items-center"
  >
    <div
      class="flex justify-center items-center"
    >
      <svg
        class="absolute left-3 top-1/2 transform -translate-y-[60%] text-gray-400"
        fill="currentColor"
        height="25"
        id="search"
        stroke="currentColor"
        stroke-width="0"
        version="1.1"
        viewBox="0 0 24 24"
        width="25"
        x="0px"
        xmlns="http://www.w3.org/2000/svg"
        y="0px"
      >
        <g>
          <path
            d="M20.031,20.79c0.46,0.46,1.17-0.25,0.71-0.7l-3.75-3.76c1.27-1.41,2.04-3.27,2.04-5.31
		c0-4.39-3.57-7.96-7.96-7.96s-7.96,3.57-7.96,7.96c0,4.39,3.57,7.96,7.96,7.96c1.98,0,3.81-0.73,5.21-1.94L20.031,20.79z
		 M4.11,11.02c0-3.84,3.13-6.96,6.96-6.96c3.84,0,6.96,3.12,6.96,6.96c0,3.84-3.12,6.96-6.96,6.96C7.24,17.98,4.11,14.86,4.11,11.02
		z"
          />
        </g>
      </svg>
      <input
        class="pl-12 px-[1vw] py-[0.5vh] w-[75vw] sm:w-[60vw] md:w-[50vw] xl:w-[30vw] 2xl:w-[25vw] rounded-lg border !text-black border-gray-300 focus:outline-none focus:ring-2 focus:ring-red-500 sub-header"
        maxlength="50"
        placeholder="Search for a monster..."
        type="text"
        value="Dragon"
      />
    </div>
  </div>
</div>
`;
